=== FEED-REPLICA · 6 peças · preset=cinematic-dark · GERANDO ===
  1. DARK-OBJETO                    foto=sim «Sabe a diferença entre a empresa que sofre pra»  [post: xadrez (rei)]
       cena: A single black CHESS KING piece standing isolated and dominant at the center, dark moody…
  2. C-tipografia-pura-dark         foto=não «Quem não sabe fazer *GESTÃO* acaba fazendo *PR»  [post: GESTÃO/PRESSÃO]
  3. B-foto-top-headline-mixed      foto=sim «O que um diagnóstico comercial revela que a *c»  [post: diagnóstico comercial]
       cena: Middle-aged Brazilian businessman seen in PROFILE, pensive and serious, looking toward a…
  4. A-headline-foto-dark           foto=sim «Quanto mais você cobra, mais o time *espera vo»  [post: quanto mais você cobra]
       cena: Close editorial portrait of a serious Brazilian man, dark desaturated high-contrast ligh…
  5. D-foto-fullbleed-overlay       foto=sim «A jornada do desengajamento.»  [post: jornada do desengajamento]
       cena: Cinematic full-bleed photograph of a man seen from BEHIND, back to camera, walking away …
  6. K-bold-dourado-urgencia        foto=não «Meta batida uma vez é esforço. Meta batida tod»  [post: cultura comercial (tagline)]

[1/6] DARK-OBJETO (foto=generate)…
   → ok=True qa=PASS_WITH_WARNINGS crítico=PASS

[2/6] C-tipografia-pura-dark (foto=none)…
   → ok=True qa=PASS_WITH_WARNINGS crítico=None

[3/6] B-foto-top-headline-mixed (foto=generate)…
   → ok=True qa=PASS_WITH_WARNINGS crítico=PASS

[4/6] A-headline-foto-dark (foto=generate)…
   → ok=True qa=PASS_WITH_WARNINGS crítico=PASS

[5/6] D-foto-fullbleed-overlay (foto=generate)…
   → ok=True qa=PASS_WITH_WARNINGS crítico=PASS

[6/6] K-bold-dourado-urgencia (foto=none)…
   → ok=True qa=PASS_WITH_WARNINGS crítico=None

Salvo em /Users/nathanalmeida/Documents/brand-system/render_out/feed-replica/NN-MODELO.png
